lmx2572.c:21:6:LMX2572_write	24	static
lmx2572.c:34:6:LMX2572_load_regs	24	static
lmx2572.c:44:6:LMX2572_reset	24	static
lmx2572.c:58:6:LMX2572_set_fpd	8	static
lmx2572.c:80:5:LMX2572_det_param	24	static
lmx2572.c:91:5:LMX2572_defaultConfig	32	static
lmx2572.c:118:6:LMX2572_off_PLL	24	static
lmx2572.c:132:6:LMX2572_on_PLL	24	static
lmx2572.c:146:6:LMX2572_set_frequency	8	static
lmx2572.c:167:6:LMX2572_set_cpg	8	static
lmx2572.c:184:6:LMX2752_vco_assist	32	static
lmx2572.c:263:6:LMX2572_calibrate	8	static
lmx2572.c:268:6:LMX2572_switchOn_RFoutA	8	static
lmx2572.c:274:6:LMX2572_switchOff_RFoutA	8	static
lmx2572.c:280:6:LMX2572_switchOn_RFoutB	8	static
lmx2572.c:286:6:LMX2572_switchOff_RFoutB	8	static
lmx2572.c:292:6:LMX2572_pwr_RFoutA	8	static
lmx2572.c:298:6:LMX2572_pwr_RFoutB	8	static
lmx2572.c:304:6:LMX2572_mux_RFoutA	8	static
lmx2572.c:310:6:LMX2572_mux_RFoutB	8	static
lmx2572.c:316:6:LMX2572_set_CHDIV	8	static
lmx2572.c:329:5:LMX2572_init	128	static
lmx2572.c:346:5:LMX2572_frequency	72	static
lmx2572.c:362:10:LMX2572_read	32	static
lmx2572.c:381:6:LMX2572_set_MASH	8	static
lmx2572.c:392:5:LMX2572_powerA	72	static
