lmx2572.c:15:6:LMX2572_det_param	8	static
lmx2572.c:24:6:LMX2572_write	16	static
lmx2572.c:38:10:LMX2572_read	24	static
lmx2572.c:57:6:LMX2572_load_regs	568	static
lmx2572.c:68:6:LMX2572_reset	16	static
lmx2572.c:82:6:LMX2572_off_PLL	16	static
lmx2572.c:96:6:LMX2572_on_PLL	16	static
lmx2572.c:111:6:LMX2572_default	16	static
lmx2572.c:118:6:LMX2572_init	560	static
lmx2572.c:128:6:LMX2572_set_cpg	8	static
lmx2572.c:145:6:LMX2572_set_fpd	8	static
lmx2572.c:168:6:LMX2572_set_PLL	8	static
lmx2572.c:186:6:LMX2752_vco_assist	32	static
lmx2572.c:264:6:LMX2572_calibrate_VCO	8	static
lmx2572.c:270:6:LMX2572_set_RFout	8	static
lmx2572.c:278:6:LMX2572_mux_RFoutA	8	static
lmx2572.c:284:6:LMX2572_mux_RFoutB	8	static
lmx2572.c:290:6:LMX2572_set_CHDIV	8	static
lmx2572.c:304:6:LMX2572_pwr_RFoutA	8	static
lmx2572.c:310:6:LMX2572_pwr_RFoutB	8	static
lmx2572.c:315:6:LMX2572_set_MASH	8	static
