main.c:27:5:main	16	static
main.c:83:6:TxPLL_INIT	576	static
main.c:110:6:RxPLL_INIT	576	static
main.c:137:6:HAL_LPTIM_TriggerCallback	16	static
main.c:141:6:HAL_UART_RxCpltCallback	16	static
main.c:146:9:UART_decode	16	static
main.c:152:6:measure	4	static
main.c:162:6:pckt_creator	24	static
main.c:166:6:HOUSEKEEPING	64	dynamic
main.c:190:6:SystemClock_Config	192	static
main.c:247:13:MX_ADC1_Init	32	static
main.c:301:13:MX_LPTIM1_Init	8	static
main.c:323:13:MX_SPI1_Init	8	static
main.c:350:13:MX_USART1_UART_Init	8	static
main.c:371:13:MX_DMA_Init	16	static
main.c:386:13:MX_GPIO_Init	40	static
main.c:453:6:Error_Handler	4	static
