lmx2572.c:21:6:LMX2572_write	24	static
lmx2572.c:34:6:LMX2572_load_regs	24	static
lmx2572.c:44:6:LMX2572_reset	24	static
lmx2572.c:58:6:LMX2572_set_fpd	8	static
lmx2572.c:80:5:LMX2572_det_param	24	static
lmx2572.c:91:5:LMX2572_defaultConfig	32	static
lmx2572.c:117:6:LMX2572_off_PLL	24	static
lmx2572.c:131:6:LMX2572_on_PLL	24	static
lmx2572.c:145:6:LMX2572_set_frequency	8	static
lmx2572.c:166:6:LMX2572_switchOn_RFoutA	8	static
lmx2572.c:172:6:LMX2572_switchOff_RFoutA	8	static
lmx2572.c:178:6:LMX2572_switchOn_RFoutB	8	static
lmx2572.c:184:6:LMX2572_switchOff_RFoutB	8	static
lmx2572.c:190:6:LMX2572_pwr_RFoutA	8	static
lmx2572.c:196:6:LMX2572_pwr_RFoutB	8	static
lmx2572.c:203:6:LMX2572_mux_RFoutA	8	static
lmx2572.c:209:6:LMX2572_mux_RFoutB	8	static
lmx2572.c:215:6:LMX2572_set_CHDIV	8	static
lmx2572.c:230:10:LMX2572_read	32	static
lmx2572.c:249:6:LMX2572_set_cpg	8	static
lmx2572.c:266:6:LMX2752_vco_assist	32	static
lmx2572.c:345:6:LMX2572_calibrate_VCO	8	static
lmx2572.c:349:6:LMX2572_set_MASH	8	static
lmx2572.c:359:5:LMX2572_init	120	static
