lmx2572.c:23:6:LMX2572_write	24	static
lmx2572.c:36:6:LMX2572_load_regs	24	static
lmx2572.c:46:6:LMX2572_reset	24	static
lmx2572.c:60:6:LMX2572_set_fpd	8	static
lmx2572.c:82:5:LMX2572_det_param	24	static
lmx2572.c:93:5:LMX2572_defaultConfig	32	static
lmx2572.c:119:6:LMX2572_off_PLL	24	static
lmx2572.c:133:6:LMX2572_on_PLL	24	static
lmx2572.c:147:6:LMX2572_set_frequency	8	static
lmx2572.c:168:6:LMX2572_switchOn_RFoutA	8	static
lmx2572.c:174:6:LMX2572_switchOff_RFoutA	8	static
lmx2572.c:180:6:LMX2572_switchOn_RFoutB	8	static
lmx2572.c:186:6:LMX2572_switchOff_RFoutB	8	static
lmx2572.c:192:6:LMX2572_pwr_RFoutA	8	static
lmx2572.c:198:6:LMX2572_pwr_RFoutB	8	static
lmx2572.c:205:6:LMX2572_mux_RFoutA	8	static
lmx2572.c:211:6:LMX2572_mux_RFoutB	8	static
lmx2572.c:217:6:LMX2572_set_CHDIV	8	static
lmx2572.c:235:10:LMX2572_read	32	static
lmx2572.c:254:6:LMX2572_set_cpg	8	static
lmx2572.c:271:6:LMX2752_vco_assist	32	static
lmx2572.c:349:6:LMX2572_calibrate_VCO	8	static
lmx2572.c:353:6:LMX2572_set_MASH	8	static
