lmx2572.c:23:6:LMX2572_write	24	static
lmx2572.c:36:6:LMX2572_load_regs	24	static
lmx2572.c:46:5:LMX2572_det_param	24	static
lmx2572.c:56:6:LMX2572_LoadDefaultRegBank	16	static
lmx2572.c:61:6:LMX2572_off_PLL	24	static
lmx2572.c:75:6:LMX2572_on_PLL	24	static
lmx2572.c:93:10:LMX2572_read	32	static
lmx2572.c:113:6:LMX2572_reset	24	static
lmx2572.c:127:6:LMX2572_set_frequency	8	static
lmx2572.c:148:6:LMX2572_switch_RFout	8	static
lmx2572.c:156:6:LMX2572_pwr_RFoutA	8	static
lmx2572.c:162:6:LMX2572_pwr_RFoutB	8	static
lmx2572.c:170:6:LMX2572_set_cpg	8	static
lmx2572.c:187:6:LMX2572_set_fpd	8	static
lmx2572.c:210:6:LMX2752_vco_assist	32	static
lmx2572.c:288:6:LMX2572_calibrate_VCO	8	static
lmx2572.c:293:6:LMX2572_mux_RFoutA	8	static
lmx2572.c:299:6:LMX2572_mux_RFoutB	8	static
lmx2572.c:305:6:LMX2572_set_CHDIV	8	static
lmx2572.c:317:6:LMX2572_set_MASH	8	static
