lmx2572.c:21:6:LMX2572_write	24	static
lmx2572.c:34:6:LMX2572_load_regs	24	static
lmx2572.c:44:6:LMX2572_reset	24	static
lmx2572.c:58:6:LMX2572_set_fpd	8	static
lmx2572.c:80:5:LMX2572_det_param	24	static
lmx2572.c:91:5:LMX2572_defaultConfig	32	static
lmx2572.c:117:6:LMX2572_off	24	static
lmx2572.c:131:6:LMX2572_on	24	static
lmx2572.c:145:6:LMX2572_set_frequency	8	static
lmx2572.c:166:6:LMX2572_RFoutA_On	8	static
lmx2572.c:172:6:LMX2572_RFoutA_Off	8	static
lmx2572.c:178:6:LMX2572_RFoutB_On	8	static
lmx2572.c:184:6:LMX2572_RFoutB_Off	8	static
lmx2572.c:190:6:LMX2572_RFoutA_pwr	8	static
lmx2572.c:196:6:LMX2572_RFoutB_pwr	8	static
lmx2572.c:203:6:LMX2572_RFoutA_mux	8	static
lmx2572.c:209:6:LMX2572_RFoutB_mux	8	static
lmx2572.c:215:6:LMX2572_set_CHDIV	8	static
lmx2572.c:230:10:LMX2572_read	32	static
lmx2572.c:249:6:LMX2572_set_cpg	8	static
lmx2572.c:266:6:LMX2752_VCO_assist	32	static
lmx2572.c:345:6:LMX2572_VCO_calibrate	8	static
lmx2572.c:349:6:LMX2572_set_MASH	8	static
lmx2572.c:359:5:LMX2572_init	120	static
lmx2572.c:374:5:LMX2572_frequency	72	static
lmx2572.c:399:5:LMX2572_powerA	64	static
