stm32l4xx_hal_usart.c:287:19:HAL_USART_Init	16	static
stm32l4xx_hal_usart.c:348:19:HAL_USART_DeInit	16	static
stm32l4xx_hal_usart.c:391:13:HAL_USART_MspInit	16	static
stm32l4xx_hal_usart.c:406:13:HAL_USART_MspDeInit	16	static
stm32l4xx_hal_usart.c:765:19:HAL_USART_Transmit	48	static
stm32l4xx_hal_usart.c:862:19:HAL_USART_Receive	48	static
stm32l4xx_hal_usart.c:978:19:HAL_USART_TransmitReceive	64	static
stm32l4xx_hal_usart.c:1129:19:HAL_USART_Transmit_IT	24	static
stm32l4xx_hal_usart.c:1214:19:HAL_USART_Receive_IT	24	static
stm32l4xx_hal_usart.c:1330:19:HAL_USART_TransmitReceive_IT	24	static
stm32l4xx_hal_usart.c:1438:19:HAL_USART_Transmit_DMA	32	static
stm32l4xx_hal_usart.c:1523:19:HAL_USART_Receive_DMA	32	static
stm32l4xx_hal_usart.c:1642:19:HAL_USART_TransmitReceive_DMA	32	static
stm32l4xx_hal_usart.c:1759:19:HAL_USART_DMAPause	24	static
stm32l4xx_hal_usart.c:1806:19:HAL_USART_DMAResume	24	static
stm32l4xx_hal_usart.c:1850:19:HAL_USART_DMAStop	16	static
stm32l4xx_hal_usart.c:1910:19:HAL_USART_Abort	16	static
stm32l4xx_hal_usart.c:2013:19:HAL_USART_Abort_IT	24	static
stm32l4xx_hal_usart.c:2151:6:HAL_USART_IRQHandler	40	static
stm32l4xx_hal_usart.c:2416:13:HAL_USART_TxCpltCallback	16	static
stm32l4xx_hal_usart.c:2431:13:HAL_USART_TxHalfCpltCallback	16	static
stm32l4xx_hal_usart.c:2446:13:HAL_USART_RxCpltCallback	16	static
stm32l4xx_hal_usart.c:2461:13:HAL_USART_RxHalfCpltCallback	16	static
stm32l4xx_hal_usart.c:2476:13:HAL_USART_TxRxCpltCallback	16	static
stm32l4xx_hal_usart.c:2491:13:HAL_USART_ErrorCallback	16	static
stm32l4xx_hal_usart.c:2506:13:HAL_USART_AbortCpltCallback	16	static
stm32l4xx_hal_usart.c:2543:24:HAL_USART_GetState	16	static
stm32l4xx_hal_usart.c:2554:10:HAL_USART_GetError	16	static
stm32l4xx_hal_usart.c:2599:13:USART_EndTransfer	16	static
stm32l4xx_hal_usart.c:2621:13:USART_DMATransmitCplt	24	static
stm32l4xx_hal_usart.c:2661:13:USART_DMATxHalfCplt	24	static
stm32l4xx_hal_usart.c:2679:13:USART_DMAReceiveCplt	24	static
stm32l4xx_hal_usart.c:2754:13:USART_DMARxHalfCplt	24	static
stm32l4xx_hal_usart.c:2772:13:USART_DMAError	24	static
stm32l4xx_hal_usart.c:2798:13:USART_DMAAbortOnError	24	static
stm32l4xx_hal_usart.c:2821:13:USART_DMATxAbortCallback	24	static
stm32l4xx_hal_usart.c:2869:13:USART_DMARxAbortCallback	24	static
stm32l4xx_hal_usart.c:2917:26:USART_WaitOnFlagUntilTimeout	24	static
stm32l4xx_hal_usart.c:2945:26:USART_SetConfig	40	static
stm32l4xx_hal_usart.c:3075:26:USART_CheckIdleState	32	static
stm32l4xx_hal_usart.c:3125:13:USART_TxISR_8BIT	24	static
stm32l4xx_hal_usart.c:3160:13:USART_TxISR_16BIT	24	static
stm32l4xx_hal_usart.c:3286:13:USART_EndTransmit_IT	16	static
stm32l4xx_hal_usart.c:3343:13:USART_RxISR_8BIT	24	static
stm32l4xx_hal_usart.c:3455:13:USART_RxISR_16BIT	32	static
